<?xml version="1.0" encoding="utf-8"?><testsuites><testsuite name="pytest" errors="0" failures="0" skipped="0" tests="0" time="0.007" timestamp="2024-08-21T10:01:55.642268+05:00" hostname="LAPTOP-7ULI4G2C" /></testsuites>